<?xml version="1.0" encoding="ISO-8859-1" ?>
<link_info>
   <banner>TI ARM Linker PC v20.2.7.LTS</banner>
   <copyright>Copyright (c) 1996-2018 Texas Instruments Incorporated</copyright>
   <link_time>0x663e8471</link_time>
   <link_errors>0x0</link_errors>
   <output_file>RTOS_Project.out</output_file>
   <entry_point>
      <name>_c_int00_noargs</name>
      <address>0x7af9</address>
   </entry_point>
   <input_file_list>
      <input_file id="fl-2">
         <path>.\</path>
         <kind>object</kind>
         <file>main.obj</file>
         <name>main.obj</name>
      </input_file>
      <input_file id="fl-3">
         <path>.\</path>
         <kind>object</kind>
         <file>tm4c123gh6pm_startup_ccs.obj</file>
         <name>tm4c123gh6pm_startup_ccs.obj</name>
      </input_file>
      <input_file id="fl-4">
         <path>.\FreeRTOS\Source\</path>
         <kind>object</kind>
         <file>event_groups.obj</file>
         <name>event_groups.obj</name>
      </input_file>
      <input_file id="fl-5">
         <path>.\FreeRTOS\Source\</path>
         <kind>object</kind>
         <file>list.obj</file>
         <name>list.obj</name>
      </input_file>
      <input_file id="fl-6">
         <path>.\FreeRTOS\Source\</path>
         <kind>object</kind>
         <file>queue.obj</file>
         <name>queue.obj</name>
      </input_file>
      <input_file id="fl-7">
         <path>.\FreeRTOS\Source\</path>
         <kind>object</kind>
         <file>tasks.obj</file>
         <name>tasks.obj</name>
      </input_file>
      <input_file id="fl-8">
         <path>.\FreeRTOS\Source\</path>
         <kind>object</kind>
         <file>timers.obj</file>
         <name>timers.obj</name>
      </input_file>
      <input_file id="fl-9">
         <path>.\FreeRTOS\Source\portable\CCS\ARM_CM4F\</path>
         <kind>object</kind>
         <file>port.obj</file>
         <name>port.obj</name>
      </input_file>
      <input_file id="fl-a">
         <path>.\FreeRTOS\Source\portable\CCS\ARM_CM4F\</path>
         <kind>object</kind>
         <file>portasm.obj</file>
         <name>portasm.obj</name>
      </input_file>
      <input_file id="fl-b">
         <path>.\FreeRTOS\Source\portable\MemMang\</path>
         <kind>object</kind>
         <file>heap_4.obj</file>
         <name>heap_4.obj</name>
      </input_file>
      <input_file id="fl-c">
         <path>.\HAL\POTS\</path>
         <kind>object</kind>
         <file>pots.obj</file>
         <name>pots.obj</name>
      </input_file>
      <input_file id="fl-d">
         <path>.\HAL\RGB_LED\</path>
         <kind>object</kind>
         <file>rgb.obj</file>
         <name>rgb.obj</name>
      </input_file>
      <input_file id="fl-e">
         <path>.\MCAL\GPIO\</path>
         <kind>object</kind>
         <file>gpio.obj</file>
         <name>gpio.obj</name>
      </input_file>
      <input_file id="fl-f">
         <path>.\MCAL\GPTM\</path>
         <kind>object</kind>
         <file>GPTM.obj</file>
         <name>GPTM.obj</name>
      </input_file>
      <input_file id="fl-10">
         <path>.\MCAL\UART\</path>
         <kind>object</kind>
         <file>uart0.obj</file>
         <name>uart0.obj</name>
      </input_file>
      <input_file id="fl-11">
         <path>.\driverlib\</path>
         <kind>object</kind>
         <file>adc.obj</file>
         <name>adc.obj</name>
      </input_file>
      <input_file id="fl-12">
         <path>.\driverlib\</path>
         <kind>object</kind>
         <file>aes.obj</file>
         <name>aes.obj</name>
      </input_file>
      <input_file id="fl-13">
         <path>.\driverlib\</path>
         <kind>object</kind>
         <file>can.obj</file>
         <name>can.obj</name>
      </input_file>
      <input_file id="fl-14">
         <path>.\driverlib\</path>
         <kind>object</kind>
         <file>comp.obj</file>
         <name>comp.obj</name>
      </input_file>
      <input_file id="fl-15">
         <path>.\driverlib\</path>
         <kind>object</kind>
         <file>cpu.obj</file>
         <name>cpu.obj</name>
      </input_file>
      <input_file id="fl-16">
         <path>.\driverlib\</path>
         <kind>object</kind>
         <file>crc.obj</file>
         <name>crc.obj</name>
      </input_file>
      <input_file id="fl-17">
         <path>.\driverlib\</path>
         <kind>object</kind>
         <file>des.obj</file>
         <name>des.obj</name>
      </input_file>
      <input_file id="fl-18">
         <path>.\driverlib\</path>
         <kind>object</kind>
         <file>eeprom.obj</file>
         <name>eeprom.obj</name>
      </input_file>
      <input_file id="fl-19">
         <path>.\driverlib\</path>
         <kind>object</kind>
         <file>emac.obj</file>
         <name>emac.obj</name>
      </input_file>
      <input_file id="fl-1a">
         <path>.\driverlib\</path>
         <kind>object</kind>
         <file>epi.obj</file>
         <name>epi.obj</name>
      </input_file>
      <input_file id="fl-1b">
         <path>.\driverlib\</path>
         <kind>object</kind>
         <file>epi_workaround_ccs.obj</file>
         <name>epi_workaround_ccs.obj</name>
      </input_file>
      <input_file id="fl-1c">
         <path>.\driverlib\</path>
         <kind>object</kind>
         <file>flash.obj</file>
         <name>flash.obj</name>
      </input_file>
      <input_file id="fl-1d">
         <path>.\driverlib\</path>
         <kind>object</kind>
         <file>fpu.obj</file>
         <name>fpu.obj</name>
      </input_file>
      <input_file id="fl-1e">
         <path>.\driverlib\</path>
         <kind>object</kind>
         <file>gpio.obj</file>
         <name>gpio.obj</name>
      </input_file>
      <input_file id="fl-1f">
         <path>.\driverlib\</path>
         <kind>object</kind>
         <file>hibernate.obj</file>
         <name>hibernate.obj</name>
      </input_file>
      <input_file id="fl-20">
         <path>.\driverlib\</path>
         <kind>object</kind>
         <file>i2c.obj</file>
         <name>i2c.obj</name>
      </input_file>
      <input_file id="fl-21">
         <path>.\driverlib\</path>
         <kind>object</kind>
         <file>interrupt.obj</file>
         <name>interrupt.obj</name>
      </input_file>
      <input_file id="fl-22">
         <path>.\driverlib\</path>
         <kind>object</kind>
         <file>lcd.obj</file>
         <name>lcd.obj</name>
      </input_file>
      <input_file id="fl-23">
         <path>.\driverlib\</path>
         <kind>object</kind>
         <file>mpu.obj</file>
         <name>mpu.obj</name>
      </input_file>
      <input_file id="fl-24">
         <path>.\driverlib\</path>
         <kind>object</kind>
         <file>onewire.obj</file>
         <name>onewire.obj</name>
      </input_file>
      <input_file id="fl-25">
         <path>.\driverlib\</path>
         <kind>object</kind>
         <file>pwm.obj</file>
         <name>pwm.obj</name>
      </input_file>
      <input_file id="fl-26">
         <path>.\driverlib\</path>
         <kind>object</kind>
         <file>qei.obj</file>
         <name>qei.obj</name>
      </input_file>
      <input_file id="fl-27">
         <path>.\driverlib\</path>
         <kind>object</kind>
         <file>shamd5.obj</file>
         <name>shamd5.obj</name>
      </input_file>
      <input_file id="fl-28">
         <path>.\driverlib\</path>
         <kind>object</kind>
         <file>ssi.obj</file>
         <name>ssi.obj</name>
      </input_file>
      <input_file id="fl-29">
         <path>.\driverlib\</path>
         <kind>object</kind>
         <file>sw_crc.obj</file>
         <name>sw_crc.obj</name>
      </input_file>
      <input_file id="fl-2a">
         <path>.\driverlib\</path>
         <kind>object</kind>
         <file>sysctl.obj</file>
         <name>sysctl.obj</name>
      </input_file>
      <input_file id="fl-2b">
         <path>.\driverlib\</path>
         <kind>object</kind>
         <file>sysexc.obj</file>
         <name>sysexc.obj</name>
      </input_file>
      <input_file id="fl-2c">
         <path>.\driverlib\</path>
         <kind>object</kind>
         <file>systick.obj</file>
         <name>systick.obj</name>
      </input_file>
      <input_file id="fl-2d">
         <path>.\driverlib\</path>
         <kind>object</kind>
         <file>timer.obj</file>
         <name>timer.obj</name>
      </input_file>
      <input_file id="fl-2e">
         <path>.\driverlib\</path>
         <kind>object</kind>
         <file>uart.obj</file>
         <name>uart.obj</name>
      </input_file>
      <input_file id="fl-2f">
         <path>.\driverlib\</path>
         <kind>object</kind>
         <file>udma.obj</file>
         <name>udma.obj</name>
      </input_file>
      <input_file id="fl-30">
         <path>.\driverlib\</path>
         <kind>object</kind>
         <file>usb.obj</file>
         <name>usb.obj</name>
      </input_file>
      <input_file id="fl-31">
         <path>.\driverlib\</path>
         <kind>object</kind>
         <file>watchdog.obj</file>
         <name>watchdog.obj</name>
      </input_file>
      <input_file id="fl-32">
         <path>.\drivers\</path>
         <kind>object</kind>
         <file>buttons.obj</file>
         <name>buttons.obj</name>
      </input_file>
      <input_file id="fl-33">
         <path>.\drivers\</path>
         <kind>object</kind>
         <file>rgb.obj</file>
         <name>rgb.obj</name>
      </input_file>
      <input_file id="fl-3b">
         <kind>object</kind>
         <file>&lt;internal&gt;</file>
         <name>&lt;internal&gt;</name>
      </input_file>
      <input_file id="fl-f1">
         <path>C:\ti\ccs1250\ccs\tools\compiler\ti-cgt-arm_20.2.7.LTS\lib\</path>
         <kind>archive</kind>
         <file>rtsv7M4_T_le_v4SPD16_eabi.lib</file>
         <name>fs_toull_t2.asm.obj</name>
      </input_file>
      <input_file id="fl-f2">
         <path>C:\ti\ccs1250\ccs\tools\compiler\ti-cgt-arm_20.2.7.LTS\lib\</path>
         <kind>archive</kind>
         <file>rtsv7M4_T_le_v4SPD16_eabi.lib</file>
         <name>memcpy_t2.asm.obj</name>
      </input_file>
      <input_file id="fl-f3">
         <path>C:\ti\ccs1250\ccs\tools\compiler\ti-cgt-arm_20.2.7.LTS\lib\</path>
         <kind>archive</kind>
         <file>rtsv7M4_T_le_v4SPD16_eabi.lib</file>
         <name>memset_t2.asm.obj</name>
      </input_file>
      <input_file id="fl-f4">
         <path>C:\ti\ccs1250\ccs\tools\compiler\ti-cgt-arm_20.2.7.LTS\lib\</path>
         <kind>archive</kind>
         <file>rtsv7M4_T_le_v4SPD16_eabi.lib</file>
         <name>ll_div_t2.asm.obj</name>
      </input_file>
      <input_file id="fl-f5">
         <path>C:\ti\ccs1250\ccs\tools\compiler\ti-cgt-arm_20.2.7.LTS\lib\</path>
         <kind>archive</kind>
         <file>rtsv7M4_T_le_v4SPD16_eabi.lib</file>
         <name>ull_div_t2.asm.obj</name>
      </input_file>
      <input_file id="fl-f6">
         <path>C:\ti\ccs1250\ccs\tools\compiler\ti-cgt-arm_20.2.7.LTS\lib\</path>
         <kind>archive</kind>
         <file>rtsv7M4_T_le_v4SPD16_eabi.lib</file>
         <name>copy_zero_init.c.obj</name>
      </input_file>
      <input_file id="fl-f7">
         <path>C:\ti\ccs1250\ccs\tools\compiler\ti-cgt-arm_20.2.7.LTS\lib\</path>
         <kind>archive</kind>
         <file>rtsv7M4_T_le_v4SPD16_eabi.lib</file>
         <name>copy_decompress_none.c.obj</name>
      </input_file>
      <input_file id="fl-f8">
         <path>C:\ti\ccs1250\ccs\tools\compiler\ti-cgt-arm_20.2.7.LTS\lib\</path>
         <kind>archive</kind>
         <file>rtsv7M4_T_le_v4SPD16_eabi.lib</file>
         <name>copy_decompress_lzss.c.obj</name>
      </input_file>
      <input_file id="fl-f9">
         <path>C:\ti\ccs1250\ccs\tools\compiler\ti-cgt-arm_20.2.7.LTS\lib\</path>
         <kind>archive</kind>
         <file>rtsv7M4_T_le_v4SPD16_eabi.lib</file>
         <name>boot_cortex_m.c.obj</name>
      </input_file>
      <input_file id="fl-fa">
         <path>C:\ti\ccs1250\ccs\tools\compiler\ti-cgt-arm_20.2.7.LTS\lib\</path>
         <kind>archive</kind>
         <file>rtsv7M4_T_le_v4SPD16_eabi.lib</file>
         <name>div0.asm.obj</name>
      </input_file>
      <input_file id="fl-fb">
         <path>C:\ti\ccs1250\ccs\tools\compiler\ti-cgt-arm_20.2.7.LTS\lib\</path>
         <kind>archive</kind>
         <file>rtsv7M4_T_le_v4SPD16_eabi.lib</file>
         <name>autoinit.c.obj</name>
      </input_file>
      <input_file id="fl-fc">
         <path>C:\ti\ccs1250\ccs\tools\compiler\ti-cgt-arm_20.2.7.LTS\lib\</path>
         <kind>archive</kind>
         <file>rtsv7M4_T_le_v4SPD16_eabi.lib</file>
         <name>pre_init.c.obj</name>
      </input_file>
      <input_file id="fl-fd">
         <path>C:\ti\ccs1250\ccs\tools\compiler\ti-cgt-arm_20.2.7.LTS\lib\</path>
         <kind>archive</kind>
         <file>rtsv7M4_T_le_v4SPD16_eabi.lib</file>
         <name>cpy_tbl.c.obj</name>
      </input_file>
      <input_file id="fl-fe">
         <path>C:\ti\ccs1250\ccs\tools\compiler\ti-cgt-arm_20.2.7.LTS\lib\</path>
         <kind>archive</kind>
         <file>rtsv7M4_T_le_v4SPD16_eabi.lib</file>
         <name>exit.c.obj</name>
      </input_file>
      <input_file id="fl-ff">
         <path>C:\ti\ccs1250\ccs\tools\compiler\ti-cgt-arm_20.2.7.LTS\lib\</path>
         <kind>archive</kind>
         <file>rtsv7M4_T_le_v4SPD16_eabi.lib</file>
         <name>_lock.c.obj</name>
      </input_file>
      <input_file id="fl-100">
         <path>C:\ti\ccs1250\ccs\tools\compiler\ti-cgt-arm_20.2.7.LTS\lib\</path>
         <kind>archive</kind>
         <file>rtsv7M4_T_le_v4SPD16_eabi.lib</file>
         <name>args_main.c.obj</name>
      </input_file>
   </input_file_list>
   <object_component_list>
      <object_component id="oc-12">
         <name>.intvecs</name>
         <load_address>0x0</load_address>
         <run_address>0x0</run_address>
         <size>0x26c</size>
         <input_file_ref idref="fl-3"/>
      </object_component>
      <object_component id="oc-7f">
         <name>.text</name>
         <load_address>0x26c</load_address>
         <run_address>0x26c</run_address>
         <size>0x2318</size>
         <input_file_ref idref="fl-7"/>
      </object_component>
      <object_component id="oc-202">
         <name>.text</name>
         <load_address>0x2584</load_address>
         <run_address>0x2584</run_address>
         <size>0xf74</size>
         <input_file_ref idref="fl-2a"/>
      </object_component>
      <object_component id="oc-140">
         <name>.text</name>
         <load_address>0x34f8</load_address>
         <run_address>0x34f8</run_address>
         <size>0xf1a</size>
         <input_file_ref idref="fl-6"/>
      </object_component>
      <object_component id="oc-256">
         <name>.text</name>
         <load_address>0x4412</load_address>
         <run_address>0x4412</run_address>
         <size>0x2</size>
         <input_file_ref idref="fl-fa"/>
      </object_component>
      <object_component id="oc-c2">
         <name>.text</name>
         <load_address>0x4414</load_address>
         <run_address>0x4414</run_address>
         <size>0xd30</size>
         <input_file_ref idref="fl-2"/>
      </object_component>
      <object_component id="oc-208">
         <name>.text</name>
         <load_address>0x5144</load_address>
         <run_address>0x5144</run_address>
         <size>0xc14</size>
         <input_file_ref idref="fl-1e"/>
      </object_component>
      <object_component id="oc-20f">
         <name>.text</name>
         <load_address>0x5d58</load_address>
         <run_address>0x5d58</run_address>
         <size>0x838</size>
         <input_file_ref idref="fl-11"/>
      </object_component>
      <object_component id="oc-de">
         <name>.text</name>
         <load_address>0x6590</load_address>
         <run_address>0x6590</run_address>
         <size>0x458</size>
         <input_file_ref idref="fl-b"/>
      </object_component>
      <object_component id="oc-266">
         <name>.text</name>
         <load_address>0x69e8</load_address>
         <run_address>0x69e8</run_address>
         <size>0x3b4</size>
         <input_file_ref idref="fl-21"/>
      </object_component>
      <object_component id="oc-32">
         <name>.text</name>
         <load_address>0x6d9c</load_address>
         <run_address>0x6d9c</run_address>
         <size>0x2b0</size>
         <input_file_ref idref="fl-9"/>
      </object_component>
      <object_component id="oc-14c">
         <name>.text</name>
         <load_address>0x704c</load_address>
         <run_address>0x704c</run_address>
         <size>0x210</size>
         <input_file_ref idref="fl-e"/>
      </object_component>
      <object_component id="oc-146">
         <name>.text</name>
         <load_address>0x725c</load_address>
         <run_address>0x725c</run_address>
         <size>0x1c8</size>
         <input_file_ref idref="fl-10"/>
      </object_component>
      <object_component id="oc-e4">
         <name>.text</name>
         <load_address>0x7424</load_address>
         <run_address>0x7424</run_address>
         <size>0x12a</size>
         <input_file_ref idref="fl-5"/>
      </object_component>
      <object_component id="oc-152">
         <name>.text</name>
         <load_address>0x7550</load_address>
         <run_address>0x7550</run_address>
         <size>0xec</size>
         <input_file_ref idref="fl-c"/>
      </object_component>
      <object_component id="oc-2d">
         <name>.text</name>
         <load_address>0x763c</load_address>
         <run_address>0x763c</run_address>
         <size>0xda</size>
         <input_file_ref idref="fl-a"/>
      </object_component>
      <object_component id="oc-46">
         <name>.text</name>
         <load_address>0x7716</load_address>
         <run_address>0x7716</run_address>
         <size>0x9c</size>
         <input_file_ref idref="fl-f2"/>
      </object_component>
      <object_component id="oc-25b">
         <name>.text</name>
         <load_address>0x77b2</load_address>
         <run_address>0x77b2</run_address>
         <size>0x96</size>
         <input_file_ref idref="fl-f5"/>
      </object_component>
      <object_component id="oc-158">
         <name>.text</name>
         <load_address>0x7848</load_address>
         <run_address>0x7848</run_address>
         <size>0x88</size>
         <input_file_ref idref="fl-d"/>
      </object_component>
      <object_component id="oc-b6">
         <name>.text</name>
         <load_address>0x78d0</load_address>
         <run_address>0x78d0</run_address>
         <size>0x7a</size>
         <input_file_ref idref="fl-f3"/>
      </object_component>
      <object_component id="oc-1fb">
         <name>.text</name>
         <load_address>0x794a</load_address>
         <run_address>0x794a</run_address>
         <size>0x6e</size>
         <input_file_ref idref="fl-f4"/>
      </object_component>
      <object_component id="oc-15">
         <name>.text:decompress:lzss:__TI_decompress_lzss</name>
         <load_address>0x79b8</load_address>
         <run_address>0x79b8</run_address>
         <size>0x68</size>
         <input_file_ref idref="fl-f8"/>
      </object_component>
      <object_component id="oc-f3">
         <name>.text</name>
         <load_address>0x7a20</load_address>
         <run_address>0x7a20</run_address>
         <size>0x54</size>
         <input_file_ref idref="fl-f"/>
      </object_component>
      <object_component id="oc-17d">
         <name>.text:__TI_auto_init_nobinit_nopinit:__TI_auto_init_nobinit_nopinit</name>
         <load_address>0x7a74</load_address>
         <run_address>0x7a74</run_address>
         <size>0x44</size>
         <input_file_ref idref="fl-fb"/>
      </object_component>
      <object_component id="oc-26c">
         <name>.text</name>
         <load_address>0x7ab8</load_address>
         <run_address>0x7ab8</run_address>
         <size>0x3e</size>
         <input_file_ref idref="fl-15"/>
      </object_component>
      <object_component id="oc-64">
         <name>.text:_c_int00_noargs:_c_int00_noargs</name>
         <load_address>0x7af8</load_address>
         <run_address>0x7af8</run_address>
         <size>0x34</size>
         <input_file_ref idref="fl-f9"/>
      </object_component>
      <object_component id="oc-1b">
         <name>.text:decompress:none:__TI_decompress_none</name>
         <load_address>0x7b2c</load_address>
         <run_address>0x7b2c</run_address>
         <size>0xe</size>
         <input_file_ref idref="fl-f7"/>
      </object_component>
      <object_component id="oc-58">
         <name>.text:decompress:ZI:__TI_zero_init</name>
         <load_address>0x7b3a</load_address>
         <run_address>0x7b3a</run_address>
         <size>0xc</size>
         <input_file_ref idref="fl-f6"/>
      </object_component>
      <object_component id="oc-27">
         <name>.text</name>
         <load_address>0x7b46</load_address>
         <run_address>0x7b46</run_address>
         <size>0xc</size>
         <input_file_ref idref="fl-3"/>
      </object_component>
      <object_component id="oc-27b">
         <name>.text:SysCtlDelay</name>
         <load_address>0x7b52</load_address>
         <run_address>0x7b52</run_address>
         <size>0x6</size>
         <input_file_ref idref="fl-2a"/>
      </object_component>
      <object_component id="oc-bc">
         <name>.text:_system_pre_init</name>
         <load_address>0x7b58</load_address>
         <run_address>0x7b58</run_address>
         <size>0x4</size>
         <input_file_ref idref="fl-fc"/>
      </object_component>
      <object_component id="oc-171">
         <name>.text:abort:abort</name>
         <load_address>0x7b5c</load_address>
         <run_address>0x7b5c</run_address>
         <size>0x4</size>
         <input_file_ref idref="fl-fe"/>
      </object_component>
      <object_component id="oc-278">
         <name>.const:g_pppui32XTALtoVCO</name>
         <load_address>0x7b60</load_address>
         <run_address>0x7b60</run_address>
         <size>0x1b0</size>
         <input_file_ref idref="fl-2a"/>
      </object_component>
      <object_component id="oc-286">
         <name>.const:g_ppui32GPIOIntMapSnowflake</name>
         <load_address>0x7d10</load_address>
         <run_address>0x7d10</run_address>
         <size>0xd8</size>
         <input_file_ref idref="fl-1e"/>
      </object_component>
      <object_component id="oc-283">
         <name>.const:g_ppui32GPIOIntMapBlizzard</name>
         <load_address>0x7de8</load_address>
         <run_address>0x7de8</run_address>
         <size>0xc0</size>
         <input_file_ref idref="fl-1e"/>
      </object_component>
      <object_component id="oc-2cc">
         <name>.const:g_pui32Regs</name>
         <load_address>0x7ea8</load_address>
         <run_address>0x7ea8</run_address>
         <size>0x9c</size>
         <input_file_ref idref="fl-21"/>
      </object_component>
      <object_component id="oc-289">
         <name>.const:g_pui32GPIOBaseAddrs</name>
         <load_address>0x7f44</load_address>
         <run_address>0x7f44</run_address>
         <size>0x90</size>
         <input_file_ref idref="fl-1e"/>
      </object_component>
      <object_component id="oc-272">
         <name>.const:g_pui32Xtals</name>
         <load_address>0x7fd4</load_address>
         <run_address>0x7fd4</run_address>
         <size>0x6c</size>
         <input_file_ref idref="fl-2a"/>
      </object_component>
      <object_component id="oc-263">
         <name>.const:g_sXTALtoMEMTIM</name>
         <load_address>0x8040</load_address>
         <run_address>0x8040</run_address>
         <size>0x30</size>
         <input_file_ref idref="fl-2a"/>
      </object_component>
      <object_component id="oc-2c9">
         <name>.const:g_pui32Priority</name>
         <load_address>0x8070</load_address>
         <run_address>0x8070</run_address>
         <size>0x20</size>
         <input_file_ref idref="fl-21"/>
      </object_component>
      <object_component id="oc-2d2">
         <name>.const:g_pui32Dii16Regs</name>
         <load_address>0x8090</load_address>
         <run_address>0x8090</run_address>
         <size>0x14</size>
         <input_file_ref idref="fl-21"/>
      </object_component>
      <object_component id="oc-2cf">
         <name>.const:g_pui32EnRegs</name>
         <load_address>0x80a4</load_address>
         <run_address>0x80a4</run_address>
         <size>0x14</size>
         <input_file_ref idref="fl-21"/>
      </object_component>
      <object_component id="oc-2d5">
         <name>.const:g_pui32PendRegs</name>
         <load_address>0x80b8</load_address>
         <run_address>0x80b8</run_address>
         <size>0x14</size>
         <input_file_ref idref="fl-21"/>
      </object_component>
      <object_component id="oc-2d8">
         <name>.const:g_pui32UnpendRegs</name>
         <load_address>0x80cc</load_address>
         <run_address>0x80cc</run_address>
         <size>0x14</size>
         <input_file_ref idref="fl-21"/>
      </object_component>
      <object_component id="oc-275">
         <name>.const:g_pui32VCOFrequencies</name>
         <load_address>0x80e0</load_address>
         <run_address>0x80e0</run_address>
         <size>0x8</size>
         <input_file_ref idref="fl-2a"/>
      </object_component>
      <object_component id="oc-7c">
         <name>.const</name>
         <load_address>0x80e8</load_address>
         <run_address>0x80e8</run_address>
         <size>0x8</size>
         <input_file_ref idref="fl-9"/>
      </object_component>
      <object_component id="oc-ff">
         <name>.const</name>
         <load_address>0x80f0</load_address>
         <run_address>0x80f0</run_address>
         <size>0x4</size>
         <input_file_ref idref="fl-7"/>
      </object_component>
      <object_component id="oc-341">
         <name>.cinit..data.load</name>
         <load_address>0x80f8</load_address>
         <run_address>0x80f8</run_address>
         <size>0x12</size>
      </object_component>
      <object_component id="oc-33e">
         <name>__TI_handler_table</name>
         <load_address>0x810c</load_address>
         <run_address>0x810c</run_address>
         <size>0xc</size>
      </object_component>
      <object_component id="oc-342">
         <name>.cinit..bss.load</name>
         <load_address>0x8118</load_address>
         <run_address>0x8118</run_address>
         <size>0x8</size>
      </object_component>
      <object_component id="oc-340">
         <name>.cinit..vtable.load</name>
         <load_address>0x8120</load_address>
         <run_address>0x8120</run_address>
         <size>0x8</size>
      </object_component>
      <object_component id="oc-33f">
         <name>__TI_cinit_table</name>
         <load_address>0x8128</load_address>
         <run_address>0x8128</run_address>
         <size>0x18</size>
      </object_component>
      <object_component id="oc-2c6">
         <name>.vtable</name>
         <uninitialized>true</uninitialized>
         <run_address>0x20000000</run_address>
         <size>0x26c</size>
         <input_file_ref idref="fl-21"/>
      </object_component>
      <object_component id="oc-161">
         <name>.data:SystemState</name>
         <load_address>0x20001644</load_address>
         <run_address>0x20001644</run_address>
         <size>0x6</size>
         <input_file_ref idref="fl-2"/>
      </object_component>
      <object_component id="oc-79">
         <name>.data</name>
         <load_address>0x200015f0</load_address>
         <run_address>0x200015f0</run_address>
         <size>0x34</size>
         <input_file_ref idref="fl-7"/>
      </object_component>
      <object_component id="oc-86">
         <name>.data</name>
         <load_address>0x20001638</load_address>
         <run_address>0x20001638</run_address>
         <size>0xc</size>
         <input_file_ref idref="fl-9"/>
      </object_component>
      <object_component id="oc-1ca">
         <name>.data</name>
         <load_address>0x20001624</load_address>
         <run_address>0x20001624</run_address>
         <size>0x14</size>
         <input_file_ref idref="fl-b"/>
      </object_component>
      <object_component id="oc-ea">
         <name>.bss:pxReadyTasksLists</name>
         <uninitialized>true</uninitialized>
         <run_address>0x2000126c</run_address>
         <size>0x64</size>
         <input_file_ref idref="fl-7"/>
      </object_component>
      <object_component id="oc-107">
         <name>.bss:xDelayedTaskList1</name>
         <uninitialized>true</uninitialized>
         <run_address>0x20001348</run_address>
         <size>0x14</size>
         <input_file_ref idref="fl-7"/>
      </object_component>
      <object_component id="oc-10a">
         <name>.bss:xDelayedTaskList2</name>
         <uninitialized>true</uninitialized>
         <run_address>0x2000135c</run_address>
         <size>0x14</size>
         <input_file_ref idref="fl-7"/>
      </object_component>
      <object_component id="oc-102">
         <name>.bss</name>
         <uninitialized>true</uninitialized>
         <run_address>0x200013b4</run_address>
         <size>0x8</size>
         <input_file_ref idref="fl-7"/>
      </object_component>
      <object_component id="oc-f9">
         <name>.bss:xPendingReadyList</name>
         <uninitialized>true</uninitialized>
         <run_address>0x20001370</run_address>
         <size>0x14</size>
         <input_file_ref idref="fl-7"/>
      </object_component>
      <object_component id="oc-ed">
         <name>.bss:xTasksWaitingTermination</name>
         <uninitialized>true</uninitialized>
         <run_address>0x20001398</run_address>
         <size>0x14</size>
         <input_file_ref idref="fl-7"/>
      </object_component>
      <object_component id="oc-f0">
         <name>.bss:xSuspendedTaskList</name>
         <uninitialized>true</uninitialized>
         <run_address>0x20001384</run_address>
         <size>0x14</size>
         <input_file_ref idref="fl-7"/>
      </object_component>
      <object_component id="oc-1d0">
         <name>.bss:ucHeap</name>
         <uninitialized>true</uninitialized>
         <run_address>0x2000026c</run_address>
         <size>0x1000</size>
         <input_file_ref idref="fl-b"/>
      </object_component>
      <object_component id="oc-1cd">
         <name>.bss:xStart</name>
         <uninitialized>true</uninitialized>
         <run_address>0x200013bc</run_address>
         <size>0x8</size>
         <input_file_ref idref="fl-b"/>
      </object_component>
      <object_component id="oc-28e">
         <name>.bss:g_pui8OversampleFactor</name>
         <uninitialized>true</uninitialized>
         <run_address>0x200013ac</run_address>
         <size>0x8</size>
         <input_file_ref idref="fl-11"/>
      </object_component>
      <object_component id="oc-160">
         <name>.common:vDisplaySystemStateTaskHandle</name>
         <uninitialized>true</uninitialized>
         <run_address>0x200013cc</run_address>
         <size>0x4</size>
      </object_component>
      <object_component id="oc-15f">
         <name>.common:vcpuLoadMeasurementTaskHandle</name>
         <uninitialized>true</uninitialized>
         <run_address>0x200013d8</run_address>
         <size>0x4</size>
      </object_component>
      <object_component id="oc-15e">
         <name>.common:vtasksTimeMeasurementTaskHandle</name>
         <uninitialized>true</uninitialized>
         <run_address>0x200013e4</run_address>
         <size>0x4</size>
      </object_component>
      <object_component id="oc-164">
         <name>.common:vSeat1AdjustHeaterHandle</name>
         <uninitialized>true</uninitialized>
         <run_address>0x200013d0</run_address>
         <size>0x4</size>
      </object_component>
      <object_component id="oc-165">
         <name>.common:vSeat2AdjustHeaterHandle</name>
         <uninitialized>true</uninitialized>
         <run_address>0x200013d4</run_address>
         <size>0x4</size>
      </object_component>
      <object_component id="oc-166">
         <name>.common:vgetSeat1CurrentTempTaskHandle</name>
         <uninitialized>true</uninitialized>
         <run_address>0x200013dc</run_address>
         <size>0x4</size>
      </object_component>
      <object_component id="oc-167">
         <name>.common:vgetSeat2CurrentTempTaskHandle</name>
         <uninitialized>true</uninitialized>
         <run_address>0x200013e0</run_address>
         <size>0x4</size>
      </object_component>
      <object_component id="oc-168">
         <name>.common:vCheckSeat1HeatingLevelChangeHandle</name>
         <uninitialized>true</uninitialized>
         <run_address>0x200013c4</run_address>
         <size>0x4</size>
      </object_component>
      <object_component id="oc-169">
         <name>.common:vCheckSeat2HeatingLevelChangeHandle</name>
         <uninitialized>true</uninitialized>
         <run_address>0x200013c8</run_address>
         <size>0x4</size>
      </object_component>
      <object_component id="oc-16a">
         <name>.common:xMutex</name>
         <uninitialized>true</uninitialized>
         <run_address>0x200013e8</run_address>
         <size>0x4</size>
      </object_component>
      <object_component id="oc-105">
         <name>.common:ullTasksOutTime</name>
         <uninitialized>true</uninitialized>
         <run_address>0x200012f8</run_address>
         <size>0x28</size>
      </object_component>
      <object_component id="oc-fc">
         <name>.common:ullTasksInTime</name>
         <uninitialized>true</uninitialized>
         <run_address>0x200012d0</run_address>
         <size>0x28</size>
      </object_component>
      <object_component id="oc-106">
         <name>.common:ullTasksTotalTime</name>
         <uninitialized>true</uninitialized>
         <run_address>0x20001320</run_address>
         <size>0x28</size>
      </object_component>
      <object_component id="oc-24">
         <name>.stack</name>
         <uninitialized>true</uninitialized>
         <run_address>0x200013f0</run_address>
         <size>0x4</size>
         <input_file_ref idref="fl-f9"/>
      </object_component>
      <object_component id="oc-344">
         <name>.stack</name>
         <uninitialized>true</uninitialized>
         <run_address>0x200013f0</run_address>
         <size>0x0</size>
      </object_component>
      <object_component id="oc-fd">
         <name>.debug_info</name>
         <load_address>0x0</load_address>
         <run_address>0x0</run_address>
         <size>0xdb2</size>
         <input_file_ref idref="fl-2"/>
      </object_component>
      <object_component id="oc-162">
         <name>.debug_info</name>
         <load_address>0xdb2</load_address>
         <run_address>0xdb2</run_address>
         <size>0xfa</size>
         <input_file_ref idref="fl-2"/>
      </object_component>
      <object_component id="oc-c3">
         <name>.debug_info</name>
         <load_address>0xeac</load_address>
         <run_address>0xeac</run_address>
         <size>0x19a8</size>
         <input_file_ref idref="fl-2"/>
      </object_component>
      <object_component id="oc-11c">
         <name>.debug_info</name>
         <load_address>0x2854</load_address>
         <run_address>0x2854</run_address>
         <size>0x315</size>
         <input_file_ref idref="fl-2"/>
      </object_component>
      <object_component id="oc-16c">
         <name>.debug_info</name>
         <load_address>0x2b69</load_address>
         <run_address>0x2b69</run_address>
         <size>0x12c</size>
         <input_file_ref idref="fl-2"/>
      </object_component>
      <object_component id="oc-9c">
         <name>.debug_info</name>
         <load_address>0x2c95</load_address>
         <run_address>0x2c95</run_address>
         <size>0x26b</size>
         <input_file_ref idref="fl-2"/>
      </object_component>
      <object_component id="oc-126">
         <name>.debug_info</name>
         <load_address>0x2f00</load_address>
         <run_address>0x2f00</run_address>
         <size>0x3f8</size>
         <input_file_ref idref="fl-2"/>
      </object_component>
      <object_component id="oc-1e2">
         <name>.debug_info</name>
         <load_address>0x32f8</load_address>
         <run_address>0x32f8</run_address>
         <size>0x4f</size>
         <input_file_ref idref="fl-2"/>
      </object_component>
      <object_component id="oc-1e7">
         <name>.debug_info</name>
         <load_address>0x3347</load_address>
         <run_address>0x3347</run_address>
         <size>0x2c</size>
         <input_file_ref idref="fl-2"/>
      </object_component>
      <object_component id="oc-41">
         <name>.debug_info</name>
         <load_address>0x3373</load_address>
         <run_address>0x3373</run_address>
         <size>0x84</size>
         <input_file_ref idref="fl-2"/>
      </object_component>
      <object_component id="oc-8b">
         <name>.debug_info</name>
         <load_address>0x33f7</load_address>
         <run_address>0x33f7</run_address>
         <size>0x2c</size>
         <input_file_ref idref="fl-2"/>
      </object_component>
      <object_component id="oc-12b">
         <name>.debug_info</name>
         <load_address>0x3423</load_address>
         <run_address>0x3423</run_address>
         <size>0x2a4</size>
         <input_file_ref idref="fl-2"/>
      </object_component>
      <object_component id="oc-27d">
         <name>.debug_info</name>
         <load_address>0x36c7</load_address>
         <run_address>0x36c7</run_address>
         <size>0xef</size>
         <input_file_ref idref="fl-2"/>
      </object_component>
      <object_component id="oc-95">
         <name>.debug_info</name>
         <load_address>0x37b6</load_address>
         <run_address>0x37b6</run_address>
         <size>0xbb</size>
         <input_file_ref idref="fl-2"/>
      </object_component>
      <object_component id="oc-10e">
         <name>.debug_info</name>
         <load_address>0x3871</load_address>
         <run_address>0x3871</run_address>
         <size>0xae</size>
         <input_file_ref idref="fl-2"/>
      </object_component>
      <object_component id="oc-117">
         <name>.debug_info</name>
         <load_address>0x391f</load_address>
         <run_address>0x391f</run_address>
         <size>0x53</size>
         <input_file_ref idref="fl-2"/>
      </object_component>
      <object_component id="oc-90">
         <name>.debug_info</name>
         <load_address>0x3972</load_address>
         <run_address>0x3972</run_address>
         <size>0x53</size>
         <input_file_ref idref="fl-2"/>
      </object_component>
      <object_component id="oc-121">
         <name>.debug_info</name>
         <load_address>0x39c5</load_address>
         <run_address>0x39c5</run_address>
         <size>0x14c</size>
         <input_file_ref idref="fl-2"/>
      </object_component>
      <object_component id="oc-3a">
         <name>.debug_info</name>
         <load_address>0x3b11</load_address>
         <run_address>0x3b11</run_address>
         <size>0x351</size>
         <input_file_ref idref="fl-3"/>
      </object_component>
      <object_component id="oc-13">
         <name>.debug_info</name>
         <load_address>0x3e62</load_address>
         <run_address>0x3e62</run_address>
         <size>0x110</size>
         <input_file_ref idref="fl-3"/>
      </object_component>
      <object_component id="oc-28">
         <name>.debug_info</name>
         <load_address>0x3f72</load_address>
         <run_address>0x3f72</run_address>
         <size>0x28c</size>
         <input_file_ref idref="fl-3"/>
      </object_component>
      <object_component id="oc-23a">
         <name>.debug_info</name>
         <load_address>0x41fe</load_address>
         <run_address>0x41fe</run_address>
         <size>0x672</size>
         <input_file_ref idref="fl-4"/>
      </object_component>
      <object_component id="oc-1b6">
         <name>.debug_info</name>
         <load_address>0x4870</load_address>
         <run_address>0x4870</run_address>
         <size>0x110</size>
         <input_file_ref idref="fl-4"/>
      </object_component>
      <object_component id="oc-1c5">
         <name>.debug_info</name>
         <load_address>0x4980</load_address>
         <run_address>0x4980</run_address>
         <size>0x3f8</size>
         <input_file_ref idref="fl-4"/>
      </object_component>
      <object_component id="oc-2b8">
         <name>.debug_info</name>
         <load_address>0x4d78</load_address>
         <run_address>0x4d78</run_address>
         <size>0x62</size>
         <input_file_ref idref="fl-4"/>
      </object_component>
      <object_component id="oc-2bd">
         <name>.debug_info</name>
         <load_address>0x4dda</load_address>
         <run_address>0x4dda</run_address>
         <size>0x39</size>
         <input_file_ref idref="fl-4"/>
      </object_component>
      <object_component id="oc-248">
         <name>.debug_info</name>
         <load_address>0x4e13</load_address>
         <run_address>0x4e13</run_address>
         <size>0x109</size>
         <input_file_ref idref="fl-4"/>
      </object_component>
      <object_component id="oc-1b1">
         <name>.debug_info</name>
         <load_address>0x4f1c</load_address>
         <run_address>0x4f1c</run_address>
         <size>0x4f</size>
         <input_file_ref idref="fl-4"/>
      </object_component>
      <object_component id="oc-1d6">
         <name>.debug_info</name>
         <load_address>0x4f6b</load_address>
         <run_address>0x4f6b</run_address>
         <size>0x3a9</size>
         <input_file_ref idref="fl-5"/>
      </object_component>
      <object_component id="oc-e7">
         <name>.debug_info</name>
         <load_address>0x5314</load_address>
         <run_address>0x5314</run_address>
         <size>0x519</size>
         <input_file_ref idref="fl-5"/>
      </object_component>
      <object_component id="oc-1fa">
         <name>.debug_info</name>
         <load_address>0x582d</load_address>
         <run_address>0x582d</run_address>
         <size>0x87b</size>
         <input_file_ref idref="fl-6"/>
      </object_component>
      <object_component id="oc-143">
         <name>.debug_info</name>
         <load_address>0x60a8</load_address>
         <run_address>0x60a8</run_address>
         <size>0x2fc4</size>
         <input_file_ref idref="fl-6"/>
      </object_component>
      <object_component id="oc-251">
         <name>.debug_info</name>
         <load_address>0x906c</load_address>
         <run_address>0x906c</run_address>
         <size>0x1c7</size>
         <input_file_ref idref="fl-6"/>
      </object_component>
      <object_component id="oc-1f5">
         <name>.debug_info</name>
         <load_address>0x9233</load_address>
         <run_address>0x9233</run_address>
         <size>0x46</size>
         <input_file_ref idref="fl-6"/>
      </object_component>
      <object_component id="oc-1bb">
         <name>.debug_info</name>
         <load_address>0x9279</load_address>
         <run_address>0x9279</run_address>
         <size>0x35</size>
         <input_file_ref idref="fl-6"/>
      </object_component>
      <object_component id="oc-d6">
         <name>.debug_info</name>
         <load_address>0x92ae</load_address>
         <run_address>0x92ae</run_address>
         <size>0x889</size>
         <input_file_ref idref="fl-7"/>
      </object_component>
      <object_component id="oc-7a">
         <name>.debug_info</name>
         <load_address>0x9b37</load_address>
         <run_address>0x9b37</run_address>
         <size>0x36e</size>
         <input_file_ref idref="fl-7"/>
      </object_component>
      <object_component id="oc-eb">
         <name>.debug_info</name>
         <load_address>0x9ea5</load_address>
         <run_address>0x9ea5</run_address>
         <size>0x117</size>
         <input_file_ref idref="fl-7"/>
      </object_component>
      <object_component id="oc-108">
         <name>.debug_info</name>
         <load_address>0x9fbc</load_address>
         <run_address>0x9fbc</run_address>
         <size>0x117</size>
         <input_file_ref idref="fl-7"/>
      </object_component>
      <object_component id="oc-10b">
         <name>.debug_info</name>
         <load_address>0xa0d3</load_address>
         <run_address>0xa0d3</run_address>
         <size>0x117</size>
         <input_file_ref idref="fl-7"/>
      </object_component>
      <object_component id="oc-103">
         <name>.debug_info</name>
         <load_address>0xa1ea</load_address>
         <run_address>0xa1ea</run_address>
         <size>0x15a</size>
         <input_file_ref idref="fl-7"/>
      </object_component>
      <object_component id="oc-fa">
         <name>.debug_info</name>
         <load_address>0xa344</load_address>
         <run_address>0xa344</run_address>
         <size>0x117</size>
         <input_file_ref idref="fl-7"/>
      </object_component>
      <object_component id="oc-ee">
         <name>.debug_info</name>
         <load_address>0xa45b</load_address>
         <run_address>0xa45b</run_address>
         <size>0x125</size>
         <input_file_ref idref="fl-7"/>
      </object_component>
      <object_component id="oc-f1">
         <name>.debug_info</name>
         <load_address>0xa580</load_address>
         <run_address>0xa580</run_address>
         <size>0x119</size>
         <input_file_ref idref="fl-7"/>
      </object_component>
      <object_component id="oc-100">
         <name>.debug_info</name>
         <load_address>0xa699</load_address>
         <run_address>0xa699</run_address>
         <size>0x118</size>
         <input_file_ref idref="fl-7"/>
      </object_component>
      <object_component id="oc-81">
         <name>.debug_info</name>
         <load_address>0xa7b1</load_address>
         <run_address>0xa7b1</run_address>
         <size>0x4ee6</size>
         <input_file_ref idref="fl-7"/>
      </object_component>
      <object_component id="oc-d7">
         <name>.debug_info</name>
         <load_address>0xf697</load_address>
         <run_address>0xf697</run_address>
         <size>0x30c</size>
         <input_file_ref idref="fl-7"/>
      </object_component>
      <object_component id="oc-1c0">
         <name>.debug_info</name>
         <load_address>0xf9a3</load_address>
         <run_address>0xf9a3</run_address>
         <size>0x130</size>
         <input_file_ref idref="fl-7"/>
      </object_component>
      <object_component id="oc-8a">
         <name>.debug_info</name>
         <load_address>0xfad3</load_address>
         <run_address>0xfad3</run_address>
         <size>0x490</size>
         <input_file_ref idref="fl-9"/>
      </object_component>
      <object_component id="oc-7d">
         <name>.debug_info</name>
         <load_address>0xff63</load_address>
         <run_address>0xff63</run_address>
         <size>0x18c</size>
         <input_file_ref idref="fl-9"/>
      </object_component>
      <object_component id="oc-87">
         <name>.debug_info</name>
         <load_address>0x100ef</load_address>
         <run_address>0x100ef</run_address>
         <size>0x197</size>
         <input_file_ref idref="fl-9"/>
      </object_component>
      <object_component id="oc-33">
         <name>.debug_info</name>
         <load_address>0x10286</load_address>
         <run_address>0x10286</run_address>
         <size>0x923</size>
         <input_file_ref idref="fl-9"/>
      </object_component>
      <object_component id="oc-30">
         <name>.debug_info</name>
         <load_address>0x10ba9</load_address>
         <run_address>0x10ba9</run_address>
         <size>0x279</size>
         <input_file_ref idref="fl-a"/>
      </object_component>
      <object_component id="oc-1d4">
         <name>.debug_info</name>
         <load_address>0x10e22</load_address>
         <run_address>0x10e22</run_address>
         <size>0x4dc</size>
         <input_file_ref idref="fl-b"/>
      </object_component>
      <object_component id="oc-1d1">
         <name>.debug_info</name>
         <load_address>0x112fe</load_address>
         <run_address>0x112fe</run_address>
         <size>0x112</size>
         <input_file_ref idref="fl-b"/>
      </object_component>
      <object_component id="oc-1ce">
         <name>.debug_info</name>
         <load_address>0x11410</load_address>
         <run_address>0x11410</run_address>
         <size>0x112</size>
         <input_file_ref idref="fl-b"/>
      </object_component>
      <object_component id="oc-1cb">
         <name>.debug_info</name>
         <load_address>0x11522</load_address>
         <run_address>0x11522</run_address>
         <size>0x21e</size>
         <input_file_ref idref="fl-b"/>
      </object_component>
      <object_component id="oc-e0">
         <name>.debug_info</name>
         <load_address>0x11740</load_address>
         <run_address>0x11740</run_address>
         <size>0xb0c</size>
         <input_file_ref idref="fl-b"/>
      </object_component>
      <object_component id="oc-23f">
         <name>.debug_info</name>
         <load_address>0x1224c</load_address>
         <run_address>0x1224c</run_address>
         <size>0x62</size>
         <input_file_ref idref="fl-b"/>
      </object_component>
      <object_component id="oc-216">
         <name>.debug_info</name>
         <load_address>0x122ae</load_address>
         <run_address>0x122ae</run_address>
         <size>0x4cd</size>
         <input_file_ref idref="fl-c"/>
      </object_component>
      <object_component id="oc-153">
         <name>.debug_info</name>
         <load_address>0x1277b</load_address>
         <run_address>0x1277b</run_address>
         <size>0x4ba</size>
         <input_file_ref idref="fl-c"/>
      </object_component>
      <object_component id="oc-15b">
         <name>.debug_info</name>
         <load_address>0x12c35</load_address>
         <run_address>0x12c35</run_address>
         <size>0x496</size>
         <input_file_ref idref="fl-d"/>
      </object_component>
      <object_component id="oc-14d">
         <name>.debug_info</name>
         <load_address>0x130cb</load_address>
         <run_address>0x130cb</run_address>
         <size>0x7b1</size>
         <input_file_ref idref="fl-e"/>
      </object_component>
      <object_component id="oc-f4">
         <name>.debug_info</name>
         <load_address>0x1387c</load_address>
         <run_address>0x1387c</run_address>
         <size>0x1b7</size>
         <input_file_ref idref="fl-f"/>
      </object_component>
      <object_component id="oc-201">
         <name>.debug_info</name>
         <load_address>0x13a33</load_address>
         <run_address>0x13a33</run_address>
         <size>0x291</size>
         <input_file_ref idref="fl-10"/>
      </object_component>
      <object_component id="oc-147">
         <name>.debug_info</name>
         <load_address>0x13cc4</load_address>
         <run_address>0x13cc4</run_address>
         <size>0x491</size>
         <input_file_ref idref="fl-10"/>
      </object_component>
      <object_component id="oc-292">
         <name>.debug_info</name>
         <load_address>0x14155</load_address>
         <run_address>0x14155</run_address>
         <size>0x357</size>
         <input_file_ref idref="fl-11"/>
      </object_component>
      <object_component id="oc-28f">
         <name>.debug_info</name>
         <load_address>0x144ac</load_address>
         <run_address>0x144ac</run_address>
         <size>0x118</size>
         <input_file_ref idref="fl-11"/>
      </object_component>
      <object_component id="oc-212">
         <name>.debug_info</name>
         <load_address>0x145c4</load_address>
         <run_address>0x145c4</run_address>
         <size>0x2b6c</size>
         <input_file_ref idref="fl-11"/>
      </object_component>
      <object_component id="oc-26f">
         <name>.debug_info</name>
         <load_address>0x17130</load_address>
         <run_address>0x17130</run_address>
         <size>0x35d</size>
         <input_file_ref idref="fl-15"/>
      </object_component>
      <object_component id="oc-28d">
         <name>.debug_info</name>
         <load_address>0x1748d</load_address>
         <run_address>0x1748d</run_address>
         <size>0x381</size>
         <input_file_ref idref="fl-1e"/>
      </object_component>
      <object_component id="oc-284">
         <name>.debug_info</name>
         <load_address>0x1780e</load_address>
         <run_address>0x1780e</run_address>
         <size>0x121</size>
         <input_file_ref idref="fl-1e"/>
      </object_component>
      <object_component id="oc-287">
         <name>.debug_info</name>
         <load_address>0x1792f</load_address>
         <run_address>0x1792f</run_address>
         <size>0x123</size>
         <input_file_ref idref="fl-1e"/>
      </object_component>
      <object_component id="oc-28a">
         <name>.debug_info</name>
         <load_address>0x17a52</load_address>
         <run_address>0x17a52</run_address>
         <size>0x115</size>
         <input_file_ref idref="fl-1e"/>
      </object_component>
      <object_component id="oc-20b">
         <name>.debug_info</name>
         <load_address>0x17b67</load_address>
         <run_address>0x17b67</run_address>
         <size>0x320a</size>
         <input_file_ref idref="fl-1e"/>
      </object_component>
      <object_component id="oc-2dc">
         <name>.debug_info</name>
         <load_address>0x1ad71</load_address>
         <run_address>0x1ad71</run_address>
         <size>0x35e</size>
         <input_file_ref idref="fl-21"/>
      </object_component>
      <object_component id="oc-2ca">
         <name>.debug_info</name>
         <load_address>0x1b0cf</load_address>
         <run_address>0x1b0cf</run_address>
         <size>0x110</size>
         <input_file_ref idref="fl-21"/>
      </object_component>
      <object_component id="oc-2cd">
         <name>.debug_info</name>
         <load_address>0x1b1df</load_address>
         <run_address>0x1b1df</run_address>
         <size>0x108</size>
         <input_file_ref idref="fl-21"/>
      </object_component>
      <object_component id="oc-2d0">
         <name>.debug_info</name>
         <load_address>0x1b2e7</load_address>
         <run_address>0x1b2e7</run_address>
         <size>0x10c</size>
         <input_file_ref idref="fl-21"/>
      </object_component>
      <object_component id="oc-2d3">
         <name>.debug_info</name>
         <load_address>0x1b3f3</load_address>
         <run_address>0x1b3f3</run_address>
         <size>0x112</size>
         <input_file_ref idref="fl-21"/>
      </object_component>
      <object_component id="oc-2d6">
         <name>.debug_info</name>
         <load_address>0x1b505</load_address>
         <run_address>0x1b505</run_address>
         <size>0x110</size>
         <input_file_ref idref="fl-21"/>
      </object_component>
      <object_component id="oc-2d9">
         <name>.debug_info</name>
         <load_address>0x1b615</load_address>
         <run_address>0x1b615</run_address>
         <size>0x114</size>
         <input_file_ref idref="fl-21"/>
      </object_component>
      <object_component id="oc-2c7">
         <name>.debug_info</name>
         <load_address>0x1b729</load_address>
         <run_address>0x1b729</run_address>
         <size>0x111</size>
         <input_file_ref idref="fl-21"/>
      </object_component>
      <object_component id="oc-267">
         <name>.debug_info</name>
         <load_address>0x1b83a</load_address>
         <run_address>0x1b83a</run_address>
         <size>0xd11</size>
         <input_file_ref idref="fl-21"/>
      </object_component>
      <object_component id="oc-282">
         <name>.debug_info</name>
         <load_address>0x1c54b</load_address>
         <run_address>0x1c54b</run_address>
         <size>0x3e3</size>
         <input_file_ref idref="fl-2a"/>
      </object_component>
      <object_component id="oc-273">
         <name>.debug_info</name>
         <load_address>0x1c92e</load_address>
         <run_address>0x1c92e</run_address>
         <size>0x107</size>
         <input_file_ref idref="fl-2a"/>
      </object_component>
      <object_component id="oc-279">
         <name>.debug_info</name>
         <load_address>0x1ca35</load_address>
         <run_address>0x1ca35</run_address>
         <size>0x113</size>
         <input_file_ref idref="fl-2a"/>
      </object_component>
      <object_component id="oc-264">
         <name>.debug_info</name>
         <load_address>0x1cb48</load_address>
         <run_address>0x1cb48</run_address>
         <size>0x10d</size>
         <input_file_ref idref="fl-2a"/>
      </object_component>
      <object_component id="oc-276">
         <name>.debug_info</name>
         <load_address>0x1cc55</load_address>
         <run_address>0x1cc55</run_address>
         <size>0x11a</size>
         <input_file_ref idref="fl-2a"/>
      </object_component>
      <object_component id="oc-203">
         <name>.debug_info</name>
         <load_address>0x1cd6f</load_address>
         <run_address>0x1cd6f</run_address>
         <size>0x2b57</size>
         <input_file_ref idref="fl-2a"/>
      </object_component>
      <object_component id="oc-2e6">
         <name>.debug_info</name>
         <load_address>0x1f8c6</load_address>
         <run_address>0x1f8c6</run_address>
         <size>0x51</size>
         <input_file_ref idref="fl-2a"/>
      </object_component>
      <object_component id="oc-49">
         <name>.debug_info</name>
         <load_address>0x1f917</load_address>
         <run_address>0x1f917</run_address>
         <size>0x119</size>
         <input_file_ref idref="fl-f2"/>
      </object_component>
      <object_component id="oc-b8">
         <name>.debug_info</name>
         <load_address>0x1fa30</load_address>
         <run_address>0x1fa30</run_address>
         <size>0x147</size>
         <input_file_ref idref="fl-f3"/>
      </object_component>
      <object_component id="oc-1fc">
         <name>.debug_info</name>
         <load_address>0x1fb77</load_address>
         <run_address>0x1fb77</run_address>
         <size>0x13f</size>
         <input_file_ref idref="fl-f4"/>
      </object_component>
      <object_component id="oc-25d">
         <name>.debug_info</name>
         <load_address>0x1fcb6</load_address>
         <run_address>0x1fcb6</run_address>
         <size>0x134</size>
         <input_file_ref idref="fl-f5"/>
      </object_component>
      <object_component id="oc-b5">
         <name>.debug_info</name>
         <load_address>0x1fdea</load_address>
         <run_address>0x1fdea</run_address>
         <size>0x2d4</size>
         <input_file_ref idref="fl-f6"/>
      </object_component>
      <object_component id="oc-5b">
         <name>.debug_info</name>
         <load_address>0x200be</load_address>
         <run_address>0x200be</run_address>
         <size>0x1b5</size>
         <input_file_ref idref="fl-f6"/>
      </object_component>
      <object_component id="oc-b0">
         <name>.debug_info</name>
         <load_address>0x20273</load_address>
         <run_address>0x20273</run_address>
         <size>0x46</size>
         <input_file_ref idref="fl-f6"/>
      </object_component>
      <object_component id="oc-137">
         <name>.debug_info</name>
         <load_address>0x202b9</load_address>
         <run_address>0x202b9</run_address>
         <size>0x2c</size>
         <input_file_ref idref="fl-f6"/>
      </object_component>
      <object_component id="oc-51">
         <name>.debug_info</name>
         <load_address>0x202e5</load_address>
         <run_address>0x202e5</run_address>
         <size>0x2a8</size>
         <input_file_ref idref="fl-f7"/>
      </object_component>
      <object_component id="oc-1e">
         <name>.debug_info</name>
         <load_address>0x2058d</load_address>
         <run_address>0x2058d</run_address>
         <size>0x1ea</size>
         <input_file_ref idref="fl-f7"/>
      </object_component>
      <object_component id="oc-4c">
         <name>.debug_info</name>
         <load_address>0x20777</load_address>
         <run_address>0x20777</run_address>
         <size>0x46</size>
         <input_file_ref idref="fl-f7"/>
      </object_component>
      <object_component id="oc-a8">
         <name>.debug_info</name>
         <load_address>0x207bd</load_address>
         <run_address>0x207bd</run_address>
         <size>0x2c</size>
         <input_file_ref idref="fl-f7"/>
      </object_component>
      <object_component id="oc-a6">
         <name>.debug_info</name>
         <load_address>0x207e9</load_address>
         <run_address>0x207e9</run_address>
         <size>0x29e</size>
         <input_file_ref idref="fl-f8"/>
      </object_component>
      <object_component id="oc-16">
         <name>.debug_info</name>
         <load_address>0x20a87</load_address>
         <run_address>0x20a87</run_address>
         <size>0x250</size>
         <input_file_ref idref="fl-f8"/>
      </object_component>
      <object_component id="oc-3c">
         <name>.debug_info</name>
         <load_address>0x20cd7</load_address>
         <run_address>0x20cd7</run_address>
         <size>0x60</size>
         <input_file_ref idref="fl-f8"/>
      </object_component>
      <object_component id="oc-130">
         <name>.debug_info</name>
         <load_address>0x20d37</load_address>
         <run_address>0x20d37</run_address>
         <size>0x46</size>
         <input_file_ref idref="fl-f8"/>
      </object_component>
      <object_component id="oc-a1">
         <name>.debug_info</name>
         <load_address>0x20d7d</load_address>
         <run_address>0x20d7d</run_address>
         <size>0x39</size>
         <input_file_ref idref="fl-f8"/>
      </object_component>
      <object_component id="oc-25">
         <name>.debug_info</name>
         <load_address>0x20db6</load_address>
         <run_address>0x20db6</run_address>
         <size>0x10b</size>
         <input_file_ref idref="fl-f9"/>
      </object_component>
      <object_component id="oc-68">
         <name>.debug_info</name>
         <load_address>0x20ec1</load_address>
         <run_address>0x20ec1</run_address>
         <size>0x1a9</size>
         <input_file_ref idref="fl-f9"/>
      </object_component>
      <object_component id="oc-257">
         <name>.debug_info</name>
         <load_address>0x2106a</load_address>
         <run_address>0x2106a</run_address>
         <size>0x115</size>
         <input_file_ref idref="fl-fa"/>
      </object_component>
      <object_component id="oc-225">
         <name>.debug_info</name>
         <load_address>0x2117f</load_address>
         <run_address>0x2117f</run_address>
         <size>0x4b3</size>
         <input_file_ref idref="fl-fb"/>
      </object_component>
      <object_component id="oc-181">
         <name>.debug_info</name>
         <load_address>0x21632</load_address>
         <run_address>0x21632</run_address>
         <size>0x1a6</size>
         <input_file_ref idref="fl-fb"/>
      </object_component>
      <object_component id="oc-2a5">
         <name>.debug_info</name>
         <load_address>0x217d8</load_address>
         <run_address>0x217d8</run_address>
         <size>0x39</size>
         <input_file_ref idref="fl-fb"/>
      </object_component>
      <object_component id="oc-2f9">
         <name>.debug_info</name>
         <load_address>0x21811</load_address>
         <run_address>0x21811</run_address>
         <size>0x39</size>
         <input_file_ref idref="fl-fb"/>
      </object_component>
      <object_component id="oc-2aa">
         <name>.debug_info</name>
         <load_address>0x2184a</load_address>
         <run_address>0x2184a</run_address>
         <size>0x39</size>
         <input_file_ref idref="fl-fb"/>
      </object_component>
      <object_component id="oc-2af">
         <name>.debug_info</name>
         <load_address>0x21883</load_address>
         <run_address>0x21883</run_address>
         <size>0xcd</size>
         <input_file_ref idref="fl-fb"/>
      </object_component>
      <object_component id="oc-bd">
         <name>.debug_info</name>
         <load_address>0x21950</load_address>
         <run_address>0x21950</run_address>
         <size>0x153</size>
         <input_file_ref idref="fl-fc"/>
      </object_component>
      <object_component id="oc-173">
         <name>.debug_info</name>
         <load_address>0x21aa3</load_address>
         <run_address>0x21aa3</run_address>
         <size>0x122</size>
         <input_file_ref idref="fl-fe"/>
      </object_component>
      <object_component id="oc-345">
         <name>.debug_info</name>
         <load_address>0x21bc5</load_address>
         <run_address>0x21bc5</run_address>
         <size>0xc3</size>
      </object_component>
      <object_component id="oc-1e1">
         <name>.debug_line</name>
         <load_address>0x0</load_address>
         <run_address>0x0</run_address>
         <size>0x338</size>
         <input_file_ref idref="fl-2"/>
      </object_component>
      <object_component id="oc-219">
         <name>.debug_line</name>
         <load_address>0x338</load_address>
         <run_address>0x338</run_address>
         <size>0x2d</size>
         <input_file_ref idref="fl-2"/>
      </object_component>
      <object_component id="oc-c6">
         <name>.debug_line</name>
         <load_address>0x365</load_address>
         <run_address>0x365</run_address>
         <size>0x2e0</size>
         <input_file_ref idref="fl-2"/>
      </object_component>
      <object_component id="oc-11f">
         <name>.debug_line</name>
         <load_address>0x645</load_address>
         <run_address>0x645</run_address>
         <size>0x91</size>
         <input_file_ref idref="fl-2"/>
      </object_component>
      <object_component id="oc-16f">
         <name>.debug_line</name>
         <load_address>0x6d6</load_address>
         <run_address>0x6d6</run_address>
         <size>0x31</size>
         <input_file_ref idref="fl-2"/>
      </object_component>
      <object_component id="oc-9f">
         <name>.debug_line</name>
         <load_address>0x707</load_address>
         <run_address>0x707</run_address>
         <size>0x6f</size>
         <input_file_ref idref="fl-2"/>
      </object_component>
      <object_component id="oc-129">
         <name>.debug_line</name>
         <load_address>0x776</load_address>
         <run_address>0x776</run_address>
         <size>0x95</size>
         <input_file_ref idref="fl-2"/>
      </object_component>
      <object_component id="oc-1e5">
         <name>.debug_line</name>
         <load_address>0x80b</load_address>
         <run_address>0x80b</run_address>
         <size>0x92</size>
         <input_file_ref idref="fl-2"/>
      </object_component>
      <object_component id="oc-1ea">
         <name>.debug_line</name>
         <load_address>0x89d</load_address>
         <run_address>0x89d</run_address>
         <size>0x93</size>
         <input_file_ref idref="fl-2"/>
      </object_component>
      <object_component id="oc-44">
         <name>.debug_line</name>
         <load_address>0x930</load_address>
         <run_address>0x930</run_address>
         <size>0x20</size>
         <input_file_ref idref="fl-2"/>
      </object_component>
      <object_component id="oc-8e">
         <name>.debug_line</name>
         <load_address>0x950</load_address>
         <run_address>0x950</run_address>
         <size>0x95</size>
         <input_file_ref idref="fl-2"/>
      </object_component>
      <object_component id="oc-12e">
         <name>.debug_line</name>
         <load_address>0x9e5</load_address>
         <run_address>0x9e5</run_address>
         <size>0x73</size>
         <input_file_ref idref="fl-2"/>
      </object_component>
      <object_component id="oc-280">
         <name>.debug_line</name>
         <load_address>0xa58</load_address>
         <run_address>0xa58</run_address>
         <size>0x6f</size>
         <input_file_ref idref="fl-2"/>
      </object_component>
      <object_component id="oc-98">
         <name>.debug_line</name>
         <load_address>0xac7</load_address>
         <run_address>0xac7</run_address>
         <size>0x70</size>
         <input_file_ref idref="fl-2"/>
      </object_component>
      <object_component id="oc-111">
         <name>.debug_line</name>
         <load_address>0xb37</load_address>
         <run_address>0xb37</run_address>
         <size>0x85</size>
         <input_file_ref idref="fl-2"/>
      </object_component>
      <object_component id="oc-11a">
         <name>.debug_line</name>
         <load_address>0xbbc</load_address>
         <run_address>0xbbc</run_address>
         <size>0x6b</size>
         <input_file_ref idref="fl-2"/>
      </object_component>
      <object_component id="oc-93">
         <name>.debug_line</name>
         <load_address>0xc27</load_address>
         <run_address>0xc27</run_address>
         <size>0xa4</size>
         <input_file_ref idref="fl-2"/>
      </object_component>
      <object_component id="oc-124">
         <name>.debug_line</name>
         <load_address>0xccb</load_address>
         <run_address>0xccb</run_address>
         <size>0x91</size>
         <input_file_ref idref="fl-2"/>
      </object_component>
      <object_component id="oc-9b">
         <name>.debug_line</name>
         <load_address>0xd5c</load_address>
         <run_address>0xd5c</run_address>
         <size>0x41</size>
         <input_file_ref idref="fl-3"/>
      </object_component>
      <object_component id="oc-39">
         <name>.debug_line</name>
         <load_address>0xd9d</load_address>
         <run_address>0xd9d</run_address>
         <size>0x41</size>
         <input_file_ref idref="fl-3"/>
      </object_component>
      <object_component id="oc-2c">
         <name>.debug_line</name>
         <load_address>0xdde</load_address>
         <run_address>0xdde</run_address>
         <size>0xa1</size>
         <input_file_ref idref="fl-3"/>
      </object_component>
      <object_component id="oc-2b7">
         <name>.debug_line</name>
         <load_address>0xe7f</load_address>
         <run_address>0xe7f</run_address>
         <size>0x1fb</size>
         <input_file_ref idref="fl-4"/>
      </object_component>
      <object_component id="oc-1b9">
         <name>.debug_line</name>
         <load_address>0x107a</load_address>
         <run_address>0x107a</run_address>
         <size>0x6b</size>
         <input_file_ref idref="fl-4"/>
      </object_component>
      <object_component id="oc-1c8">
         <name>.debug_line</name>
         <load_address>0x10e5</load_address>
         <run_address>0x10e5</run_address>
         <size>0x95</size>
         <input_file_ref idref="fl-4"/>
      </object_component>
      <object_component id="oc-2bb">
         <name>.debug_line</name>
         <load_address>0x117a</load_address>
         <run_address>0x117a</run_address>
         <size>0x45</size>
         <input_file_ref idref="fl-4"/>
      </object_component>
      <object_component id="oc-2c0">
         <name>.debug_line</name>
         <load_address>0x11bf</load_address>
         <run_address>0x11bf</run_address>
         <size>0x99</size>
         <input_file_ref idref="fl-4"/>
      </object_component>
      <object_component id="oc-24b">
         <name>.debug_line</name>
         <load_address>0x1258</load_address>
         <run_address>0x1258</run_address>
         <size>0x95</size>
         <input_file_ref idref="fl-4"/>
      </object_component>
      <object_component id="oc-1b4">
         <name>.debug_line</name>
         <load_address>0x12ed</load_address>
         <run_address>0x12ed</run_address>
         <size>0x93</size>
         <input_file_ref idref="fl-4"/>
      </object_component>
      <object_component id="oc-24e">
         <name>.debug_line</name>
         <load_address>0x1380</load_address>
         <run_address>0x1380</run_address>
         <size>0x20</size>
         <input_file_ref idref="fl-5"/>
      </object_component>
      <object_component id="oc-e6">
         <name>.debug_line</name>
         <load_address>0x13a0</load_address>
         <run_address>0x13a0</run_address>
         <size>0xf0</size>
         <input_file_ref idref="fl-5"/>
      </object_component>
      <object_component id="oc-250">
         <name>.debug_line</name>
         <load_address>0x1490</load_address>
         <run_address>0x1490</run_address>
         <size>0x1fb</size>
         <input_file_ref idref="fl-6"/>
      </object_component>
      <object_component id="oc-142">
         <name>.debug_line</name>
         <load_address>0x168b</load_address>
         <run_address>0x168b</run_address>
         <size>0x73c</size>
         <input_file_ref idref="fl-6"/>
      </object_component>
      <object_component id="oc-254">
         <name>.debug_line</name>
         <load_address>0x1dc7</load_address>
         <run_address>0x1dc7</run_address>
         <size>0x3e</size>
         <input_file_ref idref="fl-6"/>
      </object_component>
      <object_component id="oc-1f8">
         <name>.debug_line</name>
         <load_address>0x1e05</load_address>
         <run_address>0x1e05</run_address>
         <size>0x92</size>
         <input_file_ref idref="fl-6"/>
      </object_component>
      <object_component id="oc-1be">
         <name>.debug_line</name>
         <load_address>0x1e97</load_address>
         <run_address>0x1e97</run_address>
         <size>0x74</size>
         <input_file_ref idref="fl-6"/>
      </object_component>
      <object_component id="oc-1b0">
         <name>.debug_line</name>
         <load_address>0x1f0b</load_address>
         <run_address>0x1f0b</run_address>
         <size>0x29b</size>
         <input_file_ref idref="fl-7"/>
      </object_component>
      <object_component id="oc-d5">
         <name>.debug_line</name>
         <load_address>0x21a6</load_address>
         <run_address>0x21a6</run_address>
         <size>0x3e</size>
         <input_file_ref idref="fl-7"/>
      </object_component>
      <object_component id="oc-1d8">
         <name>.debug_line</name>
         <load_address>0x21e4</load_address>
         <run_address>0x21e4</run_address>
         <size>0x3e</size>
         <input_file_ref idref="fl-7"/>
      </object_component>
      <object_component id="oc-1f1">
         <name>.debug_line</name>
         <load_address>0x2222</load_address>
         <run_address>0x2222</run_address>
         <size>0x3e</size>
         <input_file_ref idref="fl-7"/>
      </object_component>
      <object_component id="oc-1f3">
         <name>.debug_line</name>
         <load_address>0x2260</load_address>
         <run_address>0x2260</run_address>
         <size>0x3e</size>
         <input_file_ref idref="fl-7"/>
      </object_component>
      <object_component id="oc-1ef">
         <name>.debug_line</name>
         <load_address>0x229e</load_address>
         <run_address>0x229e</run_address>
         <size>0x3e</size>
         <input_file_ref idref="fl-7"/>
      </object_component>
      <object_component id="oc-1df">
         <name>.debug_line</name>
         <load_address>0x22dc</load_address>
         <run_address>0x22dc</run_address>
         <size>0x3e</size>
         <input_file_ref idref="fl-7"/>
      </object_component>
      <object_component id="oc-1da">
         <name>.debug_line</name>
         <load_address>0x231a</load_address>
         <run_address>0x231a</run_address>
         <size>0x3e</size>
         <input_file_ref idref="fl-7"/>
      </object_component>
      <object_component id="oc-1dc">
         <name>.debug_line</name>
         <load_address>0x2358</load_address>
         <run_address>0x2358</run_address>
         <size>0x3e</size>
         <input_file_ref idref="fl-7"/>
      </object_component>
      <object_component id="oc-1ed">
         <name>.debug_line</name>
         <load_address>0x2396</load_address>
         <run_address>0x2396</run_address>
         <size>0x3e</size>
         <input_file_ref idref="fl-7"/>
      </object_component>
      <object_component id="oc-84">
         <name>.debug_line</name>
         <load_address>0x23d4</load_address>
         <run_address>0x23d4</run_address>
         <size>0xcc1</size>
         <input_file_ref idref="fl-7"/>
      </object_component>
      <object_component id="oc-da">
         <name>.debug_line</name>
         <load_address>0x3095</load_address>
         <run_address>0x3095</run_address>
         <size>0x91</size>
         <input_file_ref idref="fl-7"/>
      </object_component>
      <object_component id="oc-1c3">
         <name>.debug_line</name>
         <load_address>0x3126</load_address>
         <run_address>0x3126</run_address>
         <size>0x3e</size>
         <input_file_ref idref="fl-7"/>
      </object_component>
      <object_component id="oc-116">
         <name>.debug_line</name>
         <load_address>0x3164</load_address>
         <run_address>0x3164</run_address>
         <size>0xc4</size>
         <input_file_ref idref="fl-9"/>
      </object_component>
      <object_component id="oc-dd">
         <name>.debug_line</name>
         <load_address>0x3228</load_address>
         <run_address>0x3228</run_address>
         <size>0x53</size>
         <input_file_ref idref="fl-9"/>
      </object_component>
      <object_component id="oc-114">
         <name>.debug_line</name>
         <load_address>0x327b</load_address>
         <run_address>0x327b</run_address>
         <size>0x53</size>
         <input_file_ref idref="fl-9"/>
      </object_component>
      <object_component id="oc-37">
         <name>.debug_line</name>
         <load_address>0x32ce</load_address>
         <run_address>0x32ce</run_address>
         <size>0x192</size>
         <input_file_ref idref="fl-9"/>
      </object_component>
      <object_component id="oc-2f">
         <name>.debug_line</name>
         <load_address>0x3460</load_address>
         <run_address>0x3460</run_address>
         <size>0xe8</size>
         <input_file_ref idref="fl-a"/>
      </object_component>
      <object_component id="oc-247">
         <name>.debug_line</name>
         <load_address>0x3548</load_address>
         <run_address>0x3548</run_address>
         <size>0x160</size>
         <input_file_ref idref="fl-b"/>
      </object_component>
      <object_component id="oc-245">
         <name>.debug_line</name>
         <load_address>0x36a8</load_address>
         <run_address>0x36a8</run_address>
         <size>0x50</size>
         <input_file_ref idref="fl-b"/>
      </object_component>
      <object_component id="oc-23e">
         <name>.debug_line</name>
         <load_address>0x36f8</load_address>
         <run_address>0x36f8</run_address>
         <size>0x50</size>
         <input_file_ref idref="fl-b"/>
      </object_component>
      <object_component id="oc-23c">
         <name>.debug_line</name>
         <load_address>0x3748</load_address>
         <run_address>0x3748</run_address>
         <size>0x50</size>
         <input_file_ref idref="fl-b"/>
      </object_component>
      <object_component id="oc-e2">
         <name>.debug_line</name>
         <load_address>0x3798</load_address>
         <run_address>0x3798</run_address>
         <size>0x222</size>
         <input_file_ref idref="fl-b"/>
      </object_component>
      <object_component id="oc-242">
         <name>.debug_line</name>
         <load_address>0x39ba</load_address>
         <run_address>0x39ba</run_address>
         <size>0x50</size>
         <input_file_ref idref="fl-b"/>
      </object_component>
      <object_component id="oc-294">
         <name>.debug_line</name>
         <load_address>0x3a0a</load_address>
         <run_address>0x3a0a</run_address>
         <size>0x14a</size>
         <input_file_ref idref="fl-c"/>
      </object_component>
      <object_component id="oc-156">
         <name>.debug_line</name>
         <load_address>0x3b54</load_address>
         <run_address>0x3b54</run_address>
[...]
         <name>GPIOADCTriggerEnable</name>
         <value>0x5ceb</value>
         <object_component_ref idref="oc-208"/>
      </symbol>
      <symbol id="sm-895">
         <name>GPIOADCTriggerDisable</name>
         <value>0x5d09</value>
         <object_component_ref idref="oc-208"/>
      </symbol>
      <symbol id="sm-896">
         <name>GPIOPinTypeUART</name>
         <value>0x5b89</value>
         <object_component_ref idref="oc-208"/>
      </symbol>
      <symbol id="sm-897">
         <name>GPIOIntRegisterPin</name>
         <value>0x5805</value>
         <object_component_ref idref="oc-208"/>
      </symbol>
      <symbol id="sm-898">
         <name>GPIOIntStatus</name>
         <value>0x5797</value>
         <object_component_ref idref="oc-208"/>
      </symbol>
      <symbol id="sm-899">
         <name>GPIOPinTypeDIVSCLK</name>
         <value>0x591f</value>
         <object_component_ref idref="oc-208"/>
      </symbol>
      <symbol id="sm-89a">
         <name>GPIOPinTypeGPIOOutput</name>
         <value>0x59d3</value>
         <object_component_ref idref="oc-208"/>
      </symbol>
      <symbol id="sm-89b">
         <name>GPIOIntTypeGet</name>
         <value>0x52ef</value>
         <object_component_ref idref="oc-208"/>
      </symbol>
      <symbol id="sm-89c">
         <name>GPIOPinRead</name>
         <value>0x5857</value>
         <object_component_ref idref="oc-208"/>
      </symbol>
      <symbol id="sm-89d">
         <name>GPIODirModeSet</name>
         <value>0x51a3</value>
         <object_component_ref idref="oc-208"/>
      </symbol>
      <symbol id="sm-89e">
         <name>GPIOPinTypeQEI</name>
         <value>0x5af9</value>
         <object_component_ref idref="oc-208"/>
      </symbol>
      <symbol id="sm-89f">
         <name>GPIOPinTypeHibernateRTCCLK</name>
         <value>0x5a21</value>
         <object_component_ref idref="oc-208"/>
      </symbol>
      <symbol id="sm-8a0">
         <name>GPIODMATriggerEnable</name>
         <value>0x5caf</value>
         <object_component_ref idref="oc-208"/>
      </symbol>
      <symbol id="sm-8a1">
         <name>GPIOPinTypeEthernetMII</name>
         <value>0x598b</value>
         <object_component_ref idref="oc-208"/>
      </symbol>
      <symbol id="sm-8a2">
         <name>GPIOPinWrite</name>
         <value>0x586f</value>
         <object_component_ref idref="oc-208"/>
      </symbol>
      <symbol id="sm-8a3">
         <name>GPIOPadConfigSet</name>
         <value>0x5379</value>
         <object_component_ref idref="oc-208"/>
      </symbol>
      <symbol id="sm-8a4">
         <name>GPIOPinTypeLCD</name>
         <value>0x5a8d</value>
         <object_component_ref idref="oc-208"/>
      </symbol>
      <symbol id="sm-8a5">
         <name>GPIOPinTypeSSI</name>
         <value>0x5b1d</value>
         <object_component_ref idref="oc-208"/>
      </symbol>
      <symbol id="sm-8a6">
         <name>GPIOPinTypeTimer</name>
         <value>0x5b41</value>
         <object_component_ref idref="oc-208"/>
      </symbol>
      <symbol id="sm-8a7">
         <name>GPIOPinTypeCAN</name>
         <value>0x58b3</value>
         <object_component_ref idref="oc-208"/>
      </symbol>
      <symbol id="sm-8a8">
         <name>GPIOPinTypeEPI</name>
         <value>0x5943</value>
         <object_component_ref idref="oc-208"/>
      </symbol>
      <symbol id="sm-8a9">
         <name>GPIOPinTypeEthernetLED</name>
         <value>0x5967</value>
         <object_component_ref idref="oc-208"/>
      </symbol>
      <symbol id="sm-8aa">
         <name>GPIOUnlockPin</name>
         <value>0x5d27</value>
         <object_component_ref idref="oc-208"/>
      </symbol>
      <symbol id="sm-8ab">
         <name>GPIOPinWakeStatus</name>
         <value>0x5c41</value>
         <object_component_ref idref="oc-208"/>
      </symbol>
      <symbol id="sm-928">
         <name>IntPendClear</name>
         <value>0x6d05</value>
         <object_component_ref idref="oc-266"/>
      </symbol>
      <symbol id="sm-929">
         <name>IntPriorityGroupingGet</name>
         <value>0x6a7f</value>
         <object_component_ref idref="oc-266"/>
      </symbol>
      <symbol id="sm-92a">
         <name>IntPrioritySet</name>
         <value>0x6ab7</value>
         <object_component_ref idref="oc-266"/>
      </symbol>
      <symbol id="sm-92b">
         <name>IntIsEnabled</name>
         <value>0x6c0f</value>
         <object_component_ref idref="oc-266"/>
      </symbol>
      <symbol id="sm-92c">
         <name>IntEnable</name>
         <value>0x6b2b</value>
         <object_component_ref idref="oc-266"/>
      </symbol>
      <symbol id="sm-92d">
         <name>IntTrigger</name>
         <value>0x6d67</value>
         <object_component_ref idref="oc-266"/>
      </symbol>
      <symbol id="sm-92e">
         <name>IntPriorityMaskSet</name>
         <value>0x6d53</value>
         <object_component_ref idref="oc-266"/>
      </symbol>
      <symbol id="sm-92f">
         <name>IntPriorityGroupingSet</name>
         <value>0x6a65</value>
         <object_component_ref idref="oc-266"/>
      </symbol>
      <symbol id="sm-930">
         <name>IntDisable</name>
         <value>0x6b9d</value>
         <object_component_ref idref="oc-266"/>
      </symbol>
      <symbol id="sm-931">
         <name>IntRegister</name>
         <value>0x69ff</value>
         <object_component_ref idref="oc-266"/>
      </symbol>
      <symbol id="sm-932">
         <name>IntPriorityGet</name>
         <value>0x6b07</value>
         <object_component_ref idref="oc-266"/>
      </symbol>
      <symbol id="sm-933">
         <name>IntMasterDisable</name>
         <value>0x69f5</value>
         <object_component_ref idref="oc-266"/>
      </symbol>
      <symbol id="sm-934">
         <name>IntUnregister</name>
         <value>0x6a51</value>
         <object_component_ref idref="oc-266"/>
      </symbol>
      <symbol id="sm-935">
         <name>IntPriorityMaskGet</name>
         <value>0x6d5f</value>
         <object_component_ref idref="oc-266"/>
      </symbol>
      <symbol id="sm-936">
         <name>g_pfnRAMVectors</name>
         <value>0x20000000</value>
         <object_component_ref idref="oc-2c6"/>
      </symbol>
      <symbol id="sm-937">
         <name>IntMasterEnable</name>
         <value>0x69eb</value>
         <object_component_ref idref="oc-266"/>
      </symbol>
      <symbol id="sm-938">
         <name>IntPendSet</name>
         <value>0x6c95</value>
         <object_component_ref idref="oc-266"/>
      </symbol>
      <symbol id="sm-a7b">
         <name>SysCtlGPIOAHBEnable</name>
         <value>0x3323</value>
         <object_component_ref idref="oc-202"/>
      </symbol>
      <symbol id="sm-a7c">
         <name>SysCtlIntRegister</name>
         <value>0x2a05</value>
         <object_component_ref idref="oc-202"/>
      </symbol>
      <symbol id="sm-a7d">
         <name>SysCtlFlashSizeGet</name>
         <value>0x264f</value>
         <object_component_ref idref="oc-202"/>
      </symbol>
      <symbol id="sm-a7e">
         <name>SysCtlPeripheralDeepSleepEnable</name>
         <value>0x2919</value>
         <object_component_ref idref="oc-202"/>
      </symbol>
      <symbol id="sm-a7f">
         <name>SysCtlLDODeepSleepGet</name>
         <value>0x2aab</value>
         <object_component_ref idref="oc-202"/>
      </symbol>
      <symbol id="sm-a80">
         <name>SysCtlFlashSectorSizeGet</name>
         <value>0x267b</value>
         <object_component_ref idref="oc-202"/>
      </symbol>
      <symbol id="sm-a81">
         <name>SysCtlIntDisable</name>
         <value>0x2a41</value>
         <object_component_ref idref="oc-202"/>
      </symbol>
      <symbol id="sm-a82">
         <name>SysCtlResetBehaviorGet</name>
         <value>0x2b91</value>
         <object_component_ref idref="oc-202"/>
      </symbol>
      <symbol id="sm-a83">
         <name>SysCtlPeripheralPresent</name>
         <value>0x26a1</value>
         <object_component_ref idref="oc-202"/>
      </symbol>
      <symbol id="sm-a84">
         <name>SysCtlDeepSleepClockSet</name>
         <value>0x324b</value>
         <object_component_ref idref="oc-202"/>
      </symbol>
      <symbol id="sm-a85">
         <name>SysCtlClockSet</name>
         <value>0x2ed9</value>
         <object_component_ref idref="oc-202"/>
      </symbol>
      <symbol id="sm-a86">
         <name>SysCtlAltClkConfig</name>
         <value>0x34b5</value>
         <object_component_ref idref="oc-202"/>
      </symbol>
      <symbol id="sm-a87">
         <name>SysCtlPeripheralClockGating</name>
         <value>0x29b1</value>
         <object_component_ref idref="oc-202"/>
      </symbol>
      <symbol id="sm-a88">
         <name>SysCtlIntStatus</name>
         <value>0x2a69</value>
         <object_component_ref idref="oc-202"/>
      </symbol>
      <symbol id="sm-a89">
         <name>SysCtlIntClear</name>
         <value>0x2a59</value>
         <object_component_ref idref="oc-202"/>
      </symbol>
      <symbol id="sm-a8a">
         <name>SysCtlVoltageEventStatus</name>
         <value>0x3389</value>
         <object_component_ref idref="oc-202"/>
      </symbol>
      <symbol id="sm-a8b">
         <name>SysCtlVoltageEventConfig</name>
         <value>0x3379</value>
         <object_component_ref idref="oc-202"/>
      </symbol>
      <symbol id="sm-a8c">
         <name>SysCtlResetCauseGet</name>
         <value>0x2b01</value>
         <object_component_ref idref="oc-202"/>
      </symbol>
      <symbol id="sm-a8d">
         <name>SysCtlSleep</name>
         <value>0x2add</value>
         <object_component_ref idref="oc-202"/>
      </symbol>
      <symbol id="sm-a8e">
         <name>SysCtlPWMClockGet</name>
         <value>0x330d</value>
         <object_component_ref idref="oc-202"/>
      </symbol>
      <symbol id="sm-a8f">
         <name>SysCtlDeepSleepPowerSet</name>
         <value>0x2ac5</value>
         <object_component_ref idref="oc-202"/>
      </symbol>
      <symbol id="sm-a90">
         <name>SysCtlClockOutConfig</name>
         <value>0x3499</value>
         <object_component_ref idref="oc-202"/>
      </symbol>
      <symbol id="sm-a91">
         <name>SysCtlNMIStatus</name>
         <value>0x3465</value>
         <object_component_ref idref="oc-202"/>
      </symbol>
      <symbol id="sm-a92">
         <name>SysCtlDeepSleepClockConfigSet</name>
         <value>0x3269</value>
         <object_component_ref idref="oc-202"/>
      </symbol>
      <symbol id="sm-a93">
         <name>SysCtlDelay</name>
         <value>0x7b53</value>
         <object_component_ref idref="oc-27b"/>
      </symbol>
      <symbol id="sm-a94">
         <name>SysCtlVoltageEventClear</name>
         <value>0x3395</value>
         <object_component_ref idref="oc-202"/>
      </symbol>
      <symbol id="sm-a95">
         <name>SysCtlLDOSleepSet</name>
         <value>0x2a85</value>
         <object_component_ref idref="oc-202"/>
      </symbol>
      <symbol id="sm-a96">
         <name>SysCtlMOSCConfigSet</name>
         <value>0x2b1b</value>
         <object_component_ref idref="oc-202"/>
      </symbol>
      <symbol id="sm-a97">
         <name>SysCtlPeripheralEnable</name>
         <value>0x2819</value>
         <object_component_ref idref="oc-202"/>
      </symbol>
      <symbol id="sm-a98">
         <name>SysCtlIntEnable</name>
         <value>0x2a2d</value>
         <object_component_ref idref="oc-202"/>
      </symbol>
      <symbol id="sm-a99">
         <name>SysCtlNMIClear</name>
         <value>0x347d</value>
         <object_component_ref idref="oc-202"/>
      </symbol>
      <symbol id="sm-a9a">
         <name>SysCtlPeripheralPowerOff</name>
         <value>0x2755</value>
         <object_component_ref idref="oc-202"/>
      </symbol>
      <symbol id="sm-a9b">
         <name>SysCtlSleepPowerSet</name>
         <value>0x2ab1</value>
         <object_component_ref idref="oc-202"/>
      </symbol>
      <symbol id="sm-a9c">
         <name>SysCtlDeepSleep</name>
         <value>0x2ae5</value>
         <object_component_ref idref="oc-202"/>
      </symbol>
      <symbol id="sm-a9d">
         <name>SysCtlLDODeepSleepSet</name>
         <value>0x2a9b</value>
         <object_component_ref idref="oc-202"/>
      </symbol>
      <symbol id="sm-a9e">
         <name>SysCtlPeripheralPowerOn</name>
         <value>0x2719</value>
         <object_component_ref idref="oc-202"/>
      </symbol>
      <symbol id="sm-a9f">
         <name>SysCtlPeripheralDeepSleepDisable</name>
         <value>0x2955</value>
         <object_component_ref idref="oc-202"/>
      </symbol>
      <symbol id="sm-aa0">
         <name>SysCtlPeripheralSleepDisable</name>
         <value>0x28dd</value>
         <object_component_ref idref="oc-202"/>
      </symbol>
      <symbol id="sm-aa1">
         <name>SysCtlVCOGet</name>
         <value>0x33ad</value>
         <object_component_ref idref="oc-202"/>
      </symbol>
      <symbol id="sm-aa2">
         <name>SysCtlResetBehaviorSet</name>
         <value>0x2b81</value>
         <object_component_ref idref="oc-202"/>
      </symbol>
      <symbol id="sm-aa3">
         <name>SysCtlReset</name>
         <value>0x2ad5</value>
         <object_component_ref idref="oc-202"/>
      </symbol>
      <symbol id="sm-aa4">
         <name>SysCtlGPIOAHBDisable</name>
         <value>0x333f</value>
         <object_component_ref idref="oc-202"/>
      </symbol>
      <symbol id="sm-aa5">
         <name>SysCtlSRAMSizeGet</name>
         <value>0x2645</value>
         <object_component_ref idref="oc-202"/>
      </symbol>
      <symbol id="sm-aa6">
         <name>SysCtlClockGet</name>
         <value>0x30a9</value>
         <object_component_ref idref="oc-202"/>
      </symbol>
      <symbol id="sm-aa7">
         <name>SysCtlPeripheralDisable</name>
         <value>0x2855</value>
         <object_component_ref idref="oc-202"/>
      </symbol>
      <symbol id="sm-aa8">
         <name>SysCtlPWMClockSet</name>
         <value>0x32f3</value>
         <object_component_ref idref="oc-202"/>
      </symbol>
      <symbol id="sm-aa9">
         <name>SysCtlUSBPLLEnable</name>
         <value>0x335b</value>
         <object_component_ref idref="oc-202"/>
      </symbol>
      <symbol id="sm-aaa">
         <name>SysCtlPeripheralSleepEnable</name>
         <value>0x2895</value>
         <object_component_ref idref="oc-202"/>
      </symbol>
      <symbol id="sm-aab">
         <name>SysCtlIntUnregister</name>
         <value>0x2a19</value>
         <object_component_ref idref="oc-202"/>
      </symbol>
      <symbol id="sm-aac">
         <name>SysCtlUSBPLLDisable</name>
         <value>0x3367</value>
         <object_component_ref idref="oc-202"/>
      </symbol>
      <symbol id="sm-aad">
         <name>SysCtlPeripheralReady</name>
         <value>0x26dd</value>
         <object_component_ref idref="oc-202"/>
      </symbol>
      <symbol id="sm-aae">
         <name>SysCtlPIOSCCalibrate</name>
         <value>0x2b31</value>
         <object_component_ref idref="oc-202"/>
      </symbol>
      <symbol id="sm-aaf">
         <name>SysCtlResetCauseClear</name>
         <value>0x2b07</value>
         <object_component_ref idref="oc-202"/>
      </symbol>
      <symbol id="sm-ab0">
         <name>SysCtlLDOSleepGet</name>
         <value>0x2a95</value>
         <object_component_ref idref="oc-202"/>
      </symbol>
      <symbol id="sm-ab1">
         <name>SysCtlClockFreqSet</name>
         <value>0x2be1</value>
         <object_component_ref idref="oc-202"/>
      </symbol>
      <symbol id="sm-ab2">
         <name>SysCtlPeripheralReset</name>
         <value>0x2791</value>
         <object_component_ref idref="oc-202"/>
      </symbol>
      <symbol id="sm-ad7">
         <name>memcpy</name>
         <value>0x7717</value>
         <object_component_ref idref="oc-46"/>
      </symbol>
      <symbol id="sm-ad8">
         <name>__aeabi_memcpy</name>
         <value>0x7717</value>
         <object_component_ref idref="oc-46"/>
      </symbol>
      <symbol id="sm-ad9">
         <name>__aeabi_memcpy8</name>
         <value>0x7717</value>
         <object_component_ref idref="oc-46"/>
      </symbol>
      <symbol id="sm-ada">
         <name>__aeabi_memcpy4</name>
         <value>0x7717</value>
         <object_component_ref idref="oc-46"/>
      </symbol>
      <symbol id="sm-ae9">
         <name>__aeabi_memset</name>
         <value>0x78d3</value>
         <object_component_ref idref="oc-b6"/>
      </symbol>
      <symbol id="sm-aea">
         <name>memset</name>
         <value>0x78d9</value>
         <object_component_ref idref="oc-b6"/>
      </symbol>
      <symbol id="sm-aeb">
         <name>__aeabi_memset8</name>
         <value>0x78d3</value>
         <object_component_ref idref="oc-b6"/>
      </symbol>
      <symbol id="sm-aec">
         <name>__aeabi_memset4</name>
         <value>0x78d3</value>
         <object_component_ref idref="oc-b6"/>
      </symbol>
      <symbol id="sm-aed">
         <name>__aeabi_memclr8</name>
         <value>0x78d1</value>
         <object_component_ref idref="oc-b6"/>
      </symbol>
      <symbol id="sm-aee">
         <name>__aeabi_memclr4</name>
         <value>0x78d1</value>
         <object_component_ref idref="oc-b6"/>
      </symbol>
      <symbol id="sm-aef">
         <name>__aeabi_memclr</name>
         <value>0x78d1</value>
         <object_component_ref idref="oc-b6"/>
      </symbol>
      <symbol id="sm-afd">
         <name>__aeabi_ldivmod</name>
         <value>0x794b</value>
         <object_component_ref idref="oc-1fb"/>
      </symbol>
      <symbol id="sm-b0a">
         <name>__aeabi_uldivmod</name>
         <value>0x77b3</value>
         <object_component_ref idref="oc-25b"/>
      </symbol>
      <symbol id="sm-b21">
         <name>__TI_zero_init</name>
         <value>0x7b3b</value>
         <object_component_ref idref="oc-58"/>
      </symbol>
      <symbol id="sm-b38">
         <name>__TI_decompress_none</name>
         <value>0x7b2d</value>
         <object_component_ref idref="oc-1b"/>
      </symbol>
      <symbol id="sm-b5b">
         <name>__TI_decompress_lzss</name>
         <value>0x79b9</value>
         <object_component_ref idref="oc-15"/>
      </symbol>
      <symbol id="sm-b6e">
         <name>__stack</name>
         <value>0x200013f0</value>
         <object_component_ref idref="oc-24"/>
      </symbol>
      <symbol id="sm-b6f">
         <name>_c_int00_noargs</name>
         <value>0x7af9</value>
         <object_component_ref idref="oc-64"/>
      </symbol>
      <symbol id="sm-b79">
         <name>__aeabi_idiv0</name>
         <value>0x4413</value>
         <object_component_ref idref="oc-256"/>
      </symbol>
      <symbol id="sm-b7a">
         <name>__aeabi_ldiv0</name>
         <value>0x4413</value>
         <object_component_ref idref="oc-256"/>
      </symbol>
      <symbol id="sm-ba2">
         <name>__TI_auto_init_nobinit_nopinit</name>
         <value>0x7a75</value>
         <object_component_ref idref="oc-17d"/>
      </symbol>
      <symbol id="sm-bac">
         <name>_system_pre_init</name>
         <value>0x7b59</value>
         <object_component_ref idref="oc-bc"/>
      </symbol>
      <symbol id="sm-bb8">
         <name>C$$EXIT</name>
         <value>0x7b5d</value>
         <object_component_ref idref="oc-171"/>
      </symbol>
      <symbol id="sm-bb9">
         <name>abort</name>
         <value>0x7b5d</value>
         <object_component_ref idref="oc-171"/>
      </symbol>
      <symbol id="sm-bbc">
         <name>__TI_static_base__</name>
         <value>0x0</value>
      </symbol>
      <symbol id="sm-bbf">
         <name>__mpu_init</name>
         <value>0x0</value>
      </symbol>
      <symbol id="sm-bc0">
         <name>_system_post_cinit</name>
         <value>0x0</value>
      </symbol>
   </symbol_table>
   <title>Link successful</title>
</link_info>
